{"id":"uniqueid99","firstname":"Sanji","lastname":"Vinsmoke","email":"sanji.vinsmoke@onepiece.com","username":"sanji.vinsmoke","created_at":"0001-01-01T00:00:00Z","updated_at":"0001-01-01T00:00:00Z"}